
> bn9-game-studio@1.0.0 dev
> wrangler dev --port 8787


 ⛅️ wrangler 4.94.0
───────────────────
⎔ Starting local server...
[wrangler:info] Ready on http://127.0.0.1:8787
[wrangler:info] GET / 200 OK (510ms)
[wrangler:info] GET / 200 OK (38ms)
[wrangler:info] GET /retweet01/ 200 OK (22ms)
[wrangler:info] GET /post01/ 200 OK (12ms)
[wrangler:info] GET /follow01/ 200 OK (17ms)
[wrangler:info] GET /free50/ 200 OK (8ms)
[wrangler:info] GET / 200 OK (153ms)
[wrangler:info] GET /styles.css 200 OK (23ms)
[wrangler:info] GET /EDIT-HERE.js 200 OK (56ms)
[wrangler:info] GET /app.js 200 OK (78ms)
[wrangler:info] GET /assets/hero-card.png 200 OK (26ms)
[wrangler:info] GET /assets/retweet.svg 200 OK (39ms)
⎔ Reloading local server...
⎔ Local server updated and ready
⎔ Reloading local server...
⎔ Local server updated and ready
⎔ Reloading local server...
⎔ Local server updated and ready
⎔ Reloading local server...
⎔ Local server updated and ready
⎔ Reloading local server...
⎔ Local server updated and ready
⎔ Reloading local server...
⎔ Local server updated and ready
⎔ Reloading local server...
⎔ Local server updated and ready
⎔ Reloading local server...
⎔ Local server updated and ready
⎔ Reloading local server...
⎔ Local server updated and ready
⎔ Reloading local server...
⎔ Local server updated and ready
⎔ Reloading local server...
⎔ Local server updated and ready
⎔ Reloading local server...
⎔ Local server updated and ready
⎔ Reloading local server...
⎔ Local server updated and ready
⎔ Reloading local server...
⎔ Local server updated and ready
⎔ Reloading local server...
⎔ Local server updated and ready
⎔ Reloading local server...
⎔ Local server updated and ready
⎔ Reloading local server...
⎔ Local server updated and ready
⎔ Reloading local server...
⎔ Local server updated and ready
⎔ Reloading local server...
⎔ Local server updated and ready
⎔ Reloading local server...
⎔ Local server updated and ready
⎔ Reloading local server...
⎔ Local server updated and ready
⎔ Reloading local server...
⎔ Local server updated and ready
⎔ Reloading local server...
⎔ Local server updated and ready
⎔ Reloading local server...
⎔ Local server updated and ready
⎔ Reloading local server...
⎔ Local server updated and ready
⎔ Reloading local server...
⎔ Local server updated and ready
⎔ Reloading local server...
⎔ Local server updated and ready
⎔ Reloading local server...
⎔ Local server updated and ready
⎔ Reloading local server...
⎔ Local server updated and ready
⎔ Reloading local server...
⎔ Local server updated and ready
⎔ Reloading local server...
⎔ Local server updated and ready
⎔ Reloading local server...
⎔ Local server updated and ready
⎔ Reloading local server...
⎔ Local server updated and ready
⎔ Reloading local server...
⎔ Local server updated and ready
⎔ Reloading local server...
⎔ Local server updated and ready
⎔ Reloading local server...
⎔ Local server updated and ready
⎔ Reloading local server...
⎔ Local server updated and ready
⎔ Reloading local server...
⎔ Local server updated and ready
⎔ Reloading local server...
⎔ Local server updated and ready
⎔ Reloading local server...
⎔ Local server updated and ready
⎔ Reloading local server...
⎔ Local server updated and ready
⎔ Reloading local server...
⎔ Local server updated and ready
⎔ Reloading local server...
⎔ Local server updated and ready
⎔ Reloading local server...
⎔ Local server updated and ready
⎔ Reloading local server...
⎔ Local server updated and ready
⎔ Reloading local server...
⎔ Local server updated and ready
⎔ Reloading local server...
⎔ Local server updated and ready
⎔ Reloading local server...
⎔ Local server updated and ready
⎔ Reloading local server...
⎔ Local server updated and ready
⎔ Reloading local server...
⎔ Local server updated and ready
⎔ Reloading local server...
⎔ Local server updated and ready
⎔ Reloading local server...
⎔ Local server updated and ready
⎔ Reloading local server...
⎔ Local server updated and ready
⎔ Reloading local server...
⎔ Local server updated and ready
